node.exe : FAIL src/fea
tures/context/__tests__
/DataContext.mappers.te
st.ts
発生場所 行:1 文字:1
+ & "C:\Program Files\n
odejs/node.exe" "C:\Pro
gram Files\nodejs/node_
mo ...
+ ~~~~~~~~~~~~~~~~~~~~~
~~~~~~~~~~~~~~~~~~~~~~~
~~~~~~~~~~~~~~~~~~~~~~~
~~
    + CategoryInfo     
         : NotSpecifi  
  ed: (FAIL src/feat   
 ur...mappers.test.    
ts:String) [], Rem    o
teException
    + FullyQualifiedEr 
   rorId : NativeComm  
  andError
 
  笳・Test suite failed t
o run

    Jest encountered an
 unexpected token

    Jest failed to pars
e a file. This happens 
e.g. when your code or 
its dependencies use no
n-standard JavaScript s
yntax, or when Jest is 
not configured to suppo
rt such syntax.

    Out of the box Jest
 supports Babel, which 
will be used to transfo
rm your files into vali
d JS based on your Babe
l configuration.

    By default "node_mo
dules" folder is ignore
d by transformers.

    Here's what you can
 do:
     窶｢ If you are tryi
ng to use ECMAScript Mo
dules, see https://jest
js.io/docs/ecmascript-m
odules for how to enabl
e it.
     窶｢ If you are tryi
ng to use TypeScript, s
ee https://jestjs.io/do
cs/getting-started#usin
g-typescript
     窶｢ To have some of
 your "node_modules" fi
les transformed, you ca
n specify a custom "tra
nsformIgnorePatterns" i
n your config.
     窶｢ If you need a c
ustom transformation, s
pecify a "transform" op
tion in your config.
     窶｢ If you simply w
ant to mock your non-JS
 modules (e.g. binary a
ssets) you can stub the
m out with the "moduleN
ameMapper" config optio
n.

    You'll find more de
tails and examples of t
hese config options in 
the docs:
    https://jestjs.io/d
ocs/configuration
    For information abo
ut custom transformatio
ns, see:
    https://jestjs.io/d
ocs/code-transformation

    Details:

    C:\Users\hokuto-mar
ui\ledger-system-app\no
de_modules\jose\dist\br
owser\index.js:1
    export { compactDec
rypt } from './jwe/comp
act/decrypt.js';
    ^^^^^^

    SyntaxError: Unexpe
cted token 'export'

    [0m[31m[1m>[22m
[39m[90m 1 |[39m [3
6mimport[39m { createC
lientComponentClient } 
[36mfrom[39m [32m'@s
upabase/auth-helpers-ne
xtjs'[39m[33m;[39m
     [90m   |[39m [3
1m[1m^[22m[39m
     [90m 2 |[39m
     [90m 3 |[39m [9
0m/**[39m
     [90m 4 |[39m [9
0m * Singleton Supabase
 Client for the browser
 context.[39m[0m

      at Runtime.create
ScriptFromCode (node_mo
dules/jest-runtime/buil
d/index.js:1314:40)
      at Object.<anonym
ous> (node_modules/@sup
abase/auth-helpers-shar
ed/src/utils/cookies.ts
:3:27)
      at Object.<anonym
ous> (node_modules/@sup
abase/auth-helpers-next
js/src/clientComponentC
lient.ts:6:8)
      at Object.<anonym
ous> (src/lib/supabase/
client.ts:1:1)
      at Object.<anonym
ous> (src/features/cont
ext/AuthContext.tsx:5:1
)
      at Object.<anonym
ous> (src/features/cont
ext/DataContext.tsx:6:1
)
      at Object.<anonym
ous> (src/features/cont
ext/__tests__/DataConte
xt.mappers.test.ts:5:1)

Test Suites: 1 failed, 
1 total
Tests:       0 total
Snapshots:   0 total
Time:        3.042 s
Ran all test suites mat
ching src/features/cont
ext/__tests__/DataConte
xt.mappers.test.ts.
